av912@node-0:~/PhaseScale$ ls /sys/devices/system/cpu/cpu*/cpufreq
/sys/devices/system/cpu/cpu0/cpufreq:
affected_cpus     cpuinfo_min_freq            related_cpus                 scaling_cur_freq  scaling_governor  scaling_min_freq
cpuinfo_max_freq  cpuinfo_transition_latency  scaling_available_governors  scaling_driver    scaling_max_freq  scaling_setspeed

/sys/devices/system/cpu/cpu10/cpufreq:
affected_cpus     cpuinfo_min_freq            related_cpus                 scaling_cur_freq  scaling_governor  scaling_min_freq
cpuinfo_max_freq  cpuinfo_transition_latency  scaling_available_governors  scaling_driver    scaling_max_freq  scaling_setspeed

/sys/devices/system/cpu/cpu11/cpufreq:
affected_cpus     cpuinfo_min_freq            related_cpus                 scaling_cur_freq  scaling_governor  scaling_min_freq
cpuinfo_max_freq  cpuinfo_transition_latency  scaling_available_governors  scaling_driver    scaling_max_freq  scaling_setspeed

/sys/devices/system/cpu/cpu12/cpufreq:
affected_cpus     cpuinfo_min_freq            related_cpus                 scaling_cur_freq  scaling_governor  scaling_min_freq
cpuinfo_max_freq  cpuinfo_transition_latency  scaling_available_governors  scaling_driver    scaling_max_freq  scaling_setspeed

/sys/devices/system/cpu/cpu13/cpufreq:
affected_cpus     cpuinfo_min_freq            related_cpus                 scaling_cur_freq  scaling_governor  scaling_min_freq
cpuinfo_max_freq  cpuinfo_transition_latency  scaling_available_governors  scaling_driver    scaling_max_freq  scaling_setspeed

/sys/devices/system/cpu/cpu14/cpufreq:
affected_cpus     cpuinfo_min_freq            related_cpus                 scaling_cur_freq  scaling_governor  scaling_min_freq
cpuinfo_max_freq  cpuinfo_transition_latency  scaling_available_governors  scaling_driver    scaling_max_freq  scaling_setspeed

/sys/devices/system/cpu/cpu15/cpufreq:
affected_cpus     cpuinfo_min_freq            related_cpus                 scaling_cur_freq  scaling_governor  scaling_min_freq
cpuinfo_max_freq  cpuinfo_transition_latency  scaling_available_governors  scaling_driver    scaling_max_freq  scaling_setspeed

/sys/devices/system/cpu/cpu16/cpufreq:
affected_cpus     cpuinfo_min_freq            related_cpus                 scaling_cur_freq  scaling_governor  scaling_min_freq
cpuinfo_max_freq  cpuinfo_transition_latency  scaling_available_governors  scaling_driver    scaling_max_freq  scaling_setspeed

/sys/devices/system/cpu/cpu17/cpufreq:
affected_cpus     cpuinfo_min_freq            related_cpus                 scaling_cur_freq  scaling_governor  scaling_min_freq
cpuinfo_max_freq  cpuinfo_transition_latency  scaling_available_governors  scaling_driver    scaling_max_freq  scaling_setspeed

/sys/devices/system/cpu/cpu18/cpufreq:
affected_cpus     cpuinfo_min_freq            related_cpus                 scaling_cur_freq  scaling_governor  scaling_min_freq
cpuinfo_max_freq  cpuinfo_transition_latency  scaling_available_governors  scaling_driver    scaling_max_freq  scaling_setspeed

/sys/devices/system/cpu/cpu19/cpufreq:
affected_cpus     cpuinfo_min_freq            related_cpus                 scaling_cur_freq  scaling_governor  scaling_min_freq
cpuinfo_max_freq  cpuinfo_transition_latency  scaling_available_governors  scaling_driver    scaling_max_freq  scaling_setspeed

/sys/devices/system/cpu/cpu1/cpufreq:
affected_cpus     cpuinfo_min_freq            related_cpus                 scaling_cur_freq  scaling_governor  scaling_min_freq
cpuinfo_max_freq  cpuinfo_transition_latency  scaling_available_governors  scaling_driver    scaling_max_freq  scaling_setspeed

/sys/devices/system/cpu/cpu20/cpufreq:
affected_cpus     cpuinfo_min_freq            related_cpus                 scaling_cur_freq  scaling_governor  scaling_min_freq
cpuinfo_max_freq  cpuinfo_transition_latency  scaling_available_governors  scaling_driver    scaling_max_freq  scaling_setspeed

/sys/devices/system/cpu/cpu21/cpufreq:
affected_cpus     cpuinfo_min_freq            related_cpus                 scaling_cur_freq  scaling_governor  scaling_min_freq
cpuinfo_max_freq  cpuinfo_transition_latency  scaling_available_governors  scaling_driver    scaling_max_freq  scaling_setspeed

/sys/devices/system/cpu/cpu22/cpufreq:
affected_cpus     cpuinfo_min_freq            related_cpus                 scaling_cur_freq  scaling_governor  scaling_min_freq
cpuinfo_max_freq  cpuinfo_transition_latency  scaling_available_governors  scaling_driver    scaling_max_freq  scaling_setspeed

/sys/devices/system/cpu/cpu23/cpufreq:
affected_cpus     cpuinfo_min_freq            related_cpus                 scaling_cur_freq  scaling_governor  scaling_min_freq
cpuinfo_max_freq  cpuinfo_transition_latency  scaling_available_governors  scaling_driver    scaling_max_freq  scaling_setspeed

/sys/devices/system/cpu/cpu24/cpufreq:
affected_cpus     cpuinfo_min_freq            related_cpus                 scaling_cur_freq  scaling_governor  scaling_min_freq
cpuinfo_max_freq  cpuinfo_transition_latency  scaling_available_governors  scaling_driver    scaling_max_freq  scaling_setspeed

/sys/devices/system/cpu/cpu25/cpufreq:
affected_cpus     cpuinfo_min_freq            related_cpus                 scaling_cur_freq  scaling_governor  scaling_min_freq
cpuinfo_max_freq  cpuinfo_transition_latency  scaling_available_governors  scaling_driver    scaling_max_freq  scaling_setspeed

/sys/devices/system/cpu/cpu26/cpufreq:
affected_cpus     cpuinfo_min_freq            related_cpus                 scaling_cur_freq  scaling_governor  scaling_min_freq
cpuinfo_max_freq  cpuinfo_transition_latency  scaling_available_governors  scaling_driver    scaling_max_freq  scaling_setspeed

/sys/devices/system/cpu/cpu27/cpufreq:
affected_cpus     cpuinfo_min_freq            related_cpus                 scaling_cur_freq  scaling_governor  scaling_min_freq
cpuinfo_max_freq  cpuinfo_transition_latency  scaling_available_governors  scaling_driver    scaling_max_freq  scaling_setspeed

/sys/devices/system/cpu/cpu28/cpufreq:
affected_cpus     cpuinfo_min_freq            related_cpus                 scaling_cur_freq  scaling_governor  scaling_min_freq
cpuinfo_max_freq  cpuinfo_transition_latency  scaling_available_governors  scaling_driver    scaling_max_freq  scaling_setspeed

/sys/devices/system/cpu/cpu29/cpufreq:
affected_cpus     cpuinfo_min_freq            related_cpus                 scaling_cur_freq  scaling_governor  scaling_min_freq
cpuinfo_max_freq  cpuinfo_transition_latency  scaling_available_governors  scaling_driver    scaling_max_freq  scaling_setspeed

/sys/devices/system/cpu/cpu2/cpufreq:
affected_cpus     cpuinfo_min_freq            related_cpus                 scaling_cur_freq  scaling_governor  scaling_min_freq
cpuinfo_max_freq  cpuinfo_transition_latency  scaling_available_governors  scaling_driver    scaling_max_freq  scaling_setspeed

/sys/devices/system/cpu/cpu30/cpufreq:
affected_cpus     cpuinfo_min_freq            related_cpus                 scaling_cur_freq  scaling_governor  scaling_min_freq
cpuinfo_max_freq  cpuinfo_transition_latency  scaling_available_governors  scaling_driver    scaling_max_freq  scaling_setspeed

/sys/devices/system/cpu/cpu31/cpufreq:
affected_cpus     cpuinfo_min_freq            related_cpus                 scaling_cur_freq  scaling_governor  scaling_min_freq
cpuinfo_max_freq  cpuinfo_transition_latency  scaling_available_governors  scaling_driver    scaling_max_freq  scaling_setspeed

/sys/devices/system/cpu/cpu32/cpufreq:
affected_cpus     cpuinfo_min_freq            related_cpus                 scaling_cur_freq  scaling_governor  scaling_min_freq
cpuinfo_max_freq  cpuinfo_transition_latency  scaling_available_governors  scaling_driver    scaling_max_freq  scaling_setspeed

/sys/devices/system/cpu/cpu33/cpufreq:
affected_cpus     cpuinfo_min_freq            related_cpus                 scaling_cur_freq  scaling_governor  scaling_min_freq
cpuinfo_max_freq  cpuinfo_transition_latency  scaling_available_governors  scaling_driver    scaling_max_freq  scaling_setspeed

/sys/devices/system/cpu/cpu34/cpufreq:
affected_cpus     cpuinfo_min_freq            related_cpus                 scaling_cur_freq  scaling_governor  scaling_min_freq
cpuinfo_max_freq  cpuinfo_transition_latency  scaling_available_governors  scaling_driver    scaling_max_freq  scaling_setspeed

/sys/devices/system/cpu/cpu35/cpufreq:
affected_cpus     cpuinfo_min_freq            related_cpus                 scaling_cur_freq  scaling_governor  scaling_min_freq
cpuinfo_max_freq  cpuinfo_transition_latency  scaling_available_governors  scaling_driver    scaling_max_freq  scaling_setspeed

/sys/devices/system/cpu/cpu36/cpufreq:
affected_cpus     cpuinfo_min_freq            related_cpus                 scaling_cur_freq  scaling_governor  scaling_min_freq
cpuinfo_max_freq  cpuinfo_transition_latency  scaling_available_governors  scaling_driver    scaling_max_freq  scaling_setspeed

/sys/devices/system/cpu/cpu37/cpufreq:
affected_cpus     cpuinfo_min_freq            related_cpus                 scaling_cur_freq  scaling_governor  scaling_min_freq
cpuinfo_max_freq  cpuinfo_transition_latency  scaling_available_governors  scaling_driver    scaling_max_freq  scaling_setspeed

/sys/devices/system/cpu/cpu38/cpufreq:
affected_cpus     cpuinfo_min_freq            related_cpus                 scaling_cur_freq  scaling_governor  scaling_min_freq
cpuinfo_max_freq  cpuinfo_transition_latency  scaling_available_governors  scaling_driver    scaling_max_freq  scaling_setspeed

/sys/devices/system/cpu/cpu39/cpufreq:
affected_cpus     cpuinfo_min_freq            related_cpus                 scaling_cur_freq  scaling_governor  scaling_min_freq
cpuinfo_max_freq  cpuinfo_transition_latency  scaling_available_governors  scaling_driver    scaling_max_freq  scaling_setspeed

/sys/devices/system/cpu/cpu3/cpufreq:
affected_cpus     cpuinfo_min_freq            related_cpus                 scaling_cur_freq  scaling_governor  scaling_min_freq
cpuinfo_max_freq  cpuinfo_transition_latency  scaling_available_governors  scaling_driver    scaling_max_freq  scaling_setspeed

/sys/devices/system/cpu/cpu40/cpufreq:
affected_cpus     cpuinfo_min_freq            related_cpus                 scaling_cur_freq  scaling_governor  scaling_min_freq
cpuinfo_max_freq  cpuinfo_transition_latency  scaling_available_governors  scaling_driver    scaling_max_freq  scaling_setspeed

/sys/devices/system/cpu/cpu41/cpufreq:
affected_cpus     cpuinfo_min_freq            related_cpus                 scaling_cur_freq  scaling_governor  scaling_min_freq
cpuinfo_max_freq  cpuinfo_transition_latency  scaling_available_governors  scaling_driver    scaling_max_freq  scaling_setspeed

/sys/devices/system/cpu/cpu42/cpufreq:
affected_cpus     cpuinfo_min_freq            related_cpus                 scaling_cur_freq  scaling_governor  scaling_min_freq
cpuinfo_max_freq  cpuinfo_transition_latency  scaling_available_governors  scaling_driver    scaling_max_freq  scaling_setspeed

/sys/devices/system/cpu/cpu43/cpufreq:
affected_cpus     cpuinfo_min_freq            related_cpus                 scaling_cur_freq  scaling_governor  scaling_min_freq
cpuinfo_max_freq  cpuinfo_transition_latency  scaling_available_governors  scaling_driver    scaling_max_freq  scaling_setspeed

/sys/devices/system/cpu/cpu44/cpufreq:
affected_cpus     cpuinfo_min_freq            related_cpus                 scaling_cur_freq  scaling_governor  scaling_min_freq
cpuinfo_max_freq  cpuinfo_transition_latency  scaling_available_governors  scaling_driver    scaling_max_freq  scaling_setspeed

/sys/devices/system/cpu/cpu45/cpufreq:
affected_cpus     cpuinfo_min_freq            related_cpus                 scaling_cur_freq  scaling_governor  scaling_min_freq
cpuinfo_max_freq  cpuinfo_transition_latency  scaling_available_governors  scaling_driver    scaling_max_freq  scaling_setspeed

/sys/devices/system/cpu/cpu46/cpufreq:
affected_cpus     cpuinfo_min_freq            related_cpus                 scaling_cur_freq  scaling_governor  scaling_min_freq
cpuinfo_max_freq  cpuinfo_transition_latency  scaling_available_governors  scaling_driver    scaling_max_freq  scaling_setspeed

/sys/devices/system/cpu/cpu47/cpufreq:
affected_cpus     cpuinfo_min_freq            related_cpus                 scaling_cur_freq  scaling_governor  scaling_min_freq
cpuinfo_max_freq  cpuinfo_transition_latency  scaling_available_governors  scaling_driver    scaling_max_freq  scaling_setspeed

/sys/devices/system/cpu/cpu48/cpufreq:
affected_cpus     cpuinfo_min_freq            related_cpus                 scaling_cur_freq  scaling_governor  scaling_min_freq
cpuinfo_max_freq  cpuinfo_transition_latency  scaling_available_governors  scaling_driver    scaling_max_freq  scaling_setspeed

/sys/devices/system/cpu/cpu49/cpufreq:
affected_cpus     cpuinfo_min_freq            related_cpus                 scaling_cur_freq  scaling_governor  scaling_min_freq
cpuinfo_max_freq  cpuinfo_transition_latency  scaling_available_governors  scaling_driver    scaling_max_freq  scaling_setspeed

/sys/devices/system/cpu/cpu4/cpufreq:
affected_cpus     cpuinfo_min_freq            related_cpus                 scaling_cur_freq  scaling_governor  scaling_min_freq
cpuinfo_max_freq  cpuinfo_transition_latency  scaling_available_governors  scaling_driver    scaling_max_freq  scaling_setspeed

/sys/devices/system/cpu/cpu50/cpufreq:
affected_cpus     cpuinfo_min_freq            related_cpus                 scaling_cur_freq  scaling_governor  scaling_min_freq
cpuinfo_max_freq  cpuinfo_transition_latency  scaling_available_governors  scaling_driver    scaling_max_freq  scaling_setspeed

/sys/devices/system/cpu/cpu51/cpufreq:
affected_cpus     cpuinfo_min_freq            related_cpus                 scaling_cur_freq  scaling_governor  scaling_min_freq
cpuinfo_max_freq  cpuinfo_transition_latency  scaling_available_governors  scaling_driver    scaling_max_freq  scaling_setspeed

/sys/devices/system/cpu/cpu52/cpufreq:
affected_cpus     cpuinfo_min_freq            related_cpus                 scaling_cur_freq  scaling_governor  scaling_min_freq
cpuinfo_max_freq  cpuinfo_transition_latency  scaling_available_governors  scaling_driver    scaling_max_freq  scaling_setspeed

/sys/devices/system/cpu/cpu53/cpufreq:
affected_cpus     cpuinfo_min_freq            related_cpus                 scaling_cur_freq  scaling_governor  scaling_min_freq
cpuinfo_max_freq  cpuinfo_transition_latency  scaling_available_governors  scaling_driver    scaling_max_freq  scaling_setspeed

/sys/devices/system/cpu/cpu54/cpufreq:
affected_cpus     cpuinfo_min_freq            related_cpus                 scaling_cur_freq  scaling_governor  scaling_min_freq
cpuinfo_max_freq  cpuinfo_transition_latency  scaling_available_governors  scaling_driver    scaling_max_freq  scaling_setspeed

/sys/devices/system/cpu/cpu55/cpufreq:
affected_cpus     cpuinfo_min_freq            related_cpus                 scaling_cur_freq  scaling_governor  scaling_min_freq
cpuinfo_max_freq  cpuinfo_transition_latency  scaling_available_governors  scaling_driver    scaling_max_freq  scaling_setspeed

/sys/devices/system/cpu/cpu56/cpufreq:
affected_cpus     cpuinfo_min_freq            related_cpus                 scaling_cur_freq  scaling_governor  scaling_min_freq
cpuinfo_max_freq  cpuinfo_transition_latency  scaling_available_governors  scaling_driver    scaling_max_freq  scaling_setspeed

/sys/devices/system/cpu/cpu57/cpufreq:
affected_cpus     cpuinfo_min_freq            related_cpus                 scaling_cur_freq  scaling_governor  scaling_min_freq
cpuinfo_max_freq  cpuinfo_transition_latency  scaling_available_governors  scaling_driver    scaling_max_freq  scaling_setspeed

/sys/devices/system/cpu/cpu58/cpufreq:
affected_cpus     cpuinfo_min_freq            related_cpus                 scaling_cur_freq  scaling_governor  scaling_min_freq
cpuinfo_max_freq  cpuinfo_transition_latency  scaling_available_governors  scaling_driver    scaling_max_freq  scaling_setspeed

/sys/devices/system/cpu/cpu59/cpufreq:
affected_cpus     cpuinfo_min_freq            related_cpus                 scaling_cur_freq  scaling_governor  scaling_min_freq
cpuinfo_max_freq  cpuinfo_transition_latency  scaling_available_governors  scaling_driver    scaling_max_freq  scaling_setspeed

/sys/devices/system/cpu/cpu5/cpufreq:
affected_cpus     cpuinfo_min_freq            related_cpus                 scaling_cur_freq  scaling_governor  scaling_min_freq
cpuinfo_max_freq  cpuinfo_transition_latency  scaling_available_governors  scaling_driver    scaling_max_freq  scaling_setspeed

/sys/devices/system/cpu/cpu60/cpufreq:
affected_cpus     cpuinfo_min_freq            related_cpus                 scaling_cur_freq  scaling_governor  scaling_min_freq
cpuinfo_max_freq  cpuinfo_transition_latency  scaling_available_governors  scaling_driver    scaling_max_freq  scaling_setspeed

/sys/devices/system/cpu/cpu61/cpufreq:
affected_cpus     cpuinfo_min_freq            related_cpus                 scaling_cur_freq  scaling_governor  scaling_min_freq
cpuinfo_max_freq  cpuinfo_transition_latency  scaling_available_governors  scaling_driver    scaling_max_freq  scaling_setspeed

/sys/devices/system/cpu/cpu62/cpufreq:
affected_cpus     cpuinfo_min_freq            related_cpus                 scaling_cur_freq  scaling_governor  scaling_min_freq
cpuinfo_max_freq  cpuinfo_transition_latency  scaling_available_governors  scaling_driver    scaling_max_freq  scaling_setspeed

/sys/devices/system/cpu/cpu63/cpufreq:
affected_cpus     cpuinfo_min_freq            related_cpus                 scaling_cur_freq  scaling_governor  scaling_min_freq
cpuinfo_max_freq  cpuinfo_transition_latency  scaling_available_governors  scaling_driver    scaling_max_freq  scaling_setspeed

/sys/devices/system/cpu/cpu6/cpufreq:
affected_cpus     cpuinfo_min_freq            related_cpus                 scaling_cur_freq  scaling_governor  scaling_min_freq
cpuinfo_max_freq  cpuinfo_transition_latency  scaling_available_governors  scaling_driver    scaling_max_freq  scaling_setspeed

/sys/devices/system/cpu/cpu7/cpufreq:
affected_cpus     cpuinfo_min_freq            related_cpus                 scaling_cur_freq  scaling_governor  scaling_min_freq
cpuinfo_max_freq  cpuinfo_transition_latency  scaling_available_governors  scaling_driver    scaling_max_freq  scaling_setspeed

/sys/devices/system/cpu/cpu8/cpufreq:
affected_cpus     cpuinfo_min_freq            related_cpus                 scaling_cur_freq  scaling_governor  scaling_min_freq
cpuinfo_max_freq  cpuinfo_transition_latency  scaling_available_governors  scaling_driver    scaling_max_freq  scaling_setspeed

/sys/devices/system/cpu/cpu9/cpufreq:
affected_cpus     cpuinfo_min_freq            related_cpus                 scaling_cur_freq  scaling_governor  scaling_min_freq
cpuinfo_max_freq  cpuinfo_transition_latency  scaling_available_governors  scaling_driver    scaling_max_freq  scaling_setspeed
av912@node-0:~/PhaseScale$ 


av912@node-0:~/PhaseScale$ cat /sys/devices/system/cpu/cpu0/cpufreq/scaling_available_governors
conservative ondemand userspace powersave performance schedutil 

av912@node-0:~/PhaseScale$ cat /sys/devices/system/cpu/cpu0/cpufreq/scaling_available_frequencies
cat: /sys/devices/system/cpu/cpu0/cpufreq/scaling_available_frequencies: No such file or directory

av912@node-0:~/PhaseScale$ cat /sys/devices/system/cpu/cpu0/cpufreq/scaling_governor
schedutil

av912@node-0:~/PhaseScale$ cat /sys/devices/system/cpu/cpu0/cpufreq/scaling_cur_freq
1000009

av912@node-0:~/PhaseScale$ cat /sys/devices/system/cpu/cpu0/cpufreq/cpuinfo_min_freq
1000000

av912@node-0:~/PhaseScale$ cat /sys/devices/system/cpu/cpu0/cpufreq/cpuinfo_max_freq
3700000